\BOOKMARK [0][-]{chapter*.1}{\376\377\000B\036\243\000n\000g\000\040\001\021\000\363\000n\000g\000\040\000g\000\363\000p\000\040\000c\036\347\000a\000\040\000t\000h\000\340\000n\000h\000\040\000v\000i\000\352\000n}{}% 1
\BOOKMARK [0][-]{chapter*.5}{\376\377\000D\000a\000n\000h\000\040\000s\000\341\000c\000h\000\040\000t\036\353\000\040\000v\000i\036\277\000t\000\040\000t\036\257\000t}{}% 2
\BOOKMARK [0][-]{chapter.1}{\376\377\000G\000i\036\333\000i\000\040\000t\000h\000i\036\307\000u\000\040\036\351\000n\000g\000\040\000d\036\345\000n\000g\000\040\000v\000\340\000\040\000P\000h\000\342\000n\000\040\000t\000\355\000c\000h\000\040\000y\000\352\000u\000\040\000c\036\247\000u}{}% 3
\BOOKMARK [1][-]{section.1.1}{\376\377\000G\000i\036\333\000i\000\040\000t\000h\000i\036\307\000u\000\040\000v\036\301\000\040\036\351\000n\000g\000\040\000d\036\345\000n\000g\000\040\000P\000o\000d\000y}{chapter.1}% 4
\BOOKMARK [1][-]{section.1.2}{\376\377\000L\000\375\000\040\000d\000o\000\040\000c\000h\036\315\000n\000\040\001\021\036\301\000\040\000t\000\340\000i}{chapter.1}% 5
\BOOKMARK [1][-]{section.1.3}{\376\377\000C\000o\000n\000c\000e\000p\000t\000\040\000t\000h\036\361\000c\000\040\000h\000i\036\307\000n\000\040\036\351\000n\000g\000\040\000d\036\345\000n\000g}{chapter.1}% 6
\BOOKMARK [2][-]{subsection.1.3.1}{\376\377\000L\000u\036\323\000n\000g\000\040\000L\000i\000s\000t\000e\000n\000e\000r\000\040\000\050\000N\000g\001\260\036\335\000i\000\040\000n\000g\000h\000e\000\040\000t\000h\000\364\000n\000g\000\040\000t\000i\000n\000\051}{section.1.3}% 7
\BOOKMARK [2][-]{subsection.1.3.2}{\376\377\000L\000u\036\323\000n\000g\000\040\000C\000r\000e\000a\000t\000o\000r\000\040\000\050\000N\000h\000\340\000\040\000s\000\341\000n\000g\000\040\000t\036\241\000o\000\040\000n\036\331\000i\000\040\000d\000u\000n\000g\000\051}{section.1.3}% 8
\BOOKMARK [1][-]{section.1.4}{\376\377\000P\000h\000\342\000n\000\040\000t\000\355\000c\000h\000\040\000y\000\352\000u\000\040\000c\036\247\000u\000\040\036\351\000n\000g\000\040\000d\036\345\000n\000g}{chapter.1}% 9
\BOOKMARK [2][-]{subsection.1.4.1}{\376\377\000Y\000\352\000u\000\040\000c\036\247\000u\000\040\000c\000h\036\351\000c\000\040\000n\001\003\000n\000g}{section.1.4}% 10
\BOOKMARK [2][-]{subsection.1.4.2}{\376\377\000Y\000\352\000u\000\040\000c\036\247\000u\000\040\000p\000h\000i\000\040\000c\000h\036\351\000c\000\040\000n\001\003\000n\000g}{section.1.4}% 11
\BOOKMARK [1][-]{section.1.5}{\376\377\000P\000h\000\342\000n\000\040\000t\000\355\000c\000h\000\040\000v\000\340\000\040\000l\036\361\000a\000\040\000c\000h\036\315\000n\000\040\000c\000\364\000n\000g\000\040\000n\000g\000h\036\307\000\040\000s\036\355\000\040\000d\036\345\000n\000g}{chapter.1}% 12
\BOOKMARK [2][-]{subsection.1.5.1}{\376\377\036\350\000n\000g\000\040\000d\036\345\000n\000g\000\040\000d\000i\000\040\001\021\036\331\000n\000g\000\040\000\050\000F\000r\000o\000n\000t\000e\000n\000d\000\040\000M\000o\000b\000i\000l\000e\000\051}{section.1.5}% 13
\BOOKMARK [2][-]{subsection.1.5.2}{\376\377\000C\036\355\000a\000\040\000n\000g\000\365\000\040\000A\000P\000I\000\040\000G\000a\000t\000e\000w\000a\000y\000\040\000v\000\340\000\040\000D\036\313\000c\000h\000\040\000v\036\345\000\040\000c\036\321\000t\000\040\000l\000\365\000i}{section.1.5}% 14
\BOOKMARK [2][-]{subsection.1.5.3}{\376\377\000D\036\313\000c\000h\000\040\000v\036\345\000\040\000x\036\355\000\040\000l\000\375\000\040\000A\000I\000\040\000v\000\340\000\040\000T\000i\000n\000\040\000t\036\351\000c}{section.1.5}% 15
\BOOKMARK [2][-]{subsection.1.5.4}{\376\377\000C\001\241\000\040\000s\036\337\000\040\000d\036\357\000\040\000l\000i\036\307\000u\000\040\000v\000\340\000\040\000L\001\260\000u\000\040\000t\000r\036\357}{section.1.5}% 16
\BOOKMARK [2][-]{subsection.1.5.5}{\376\377\000H\000\340\000n\000g\000\040\001\021\036\343\000i\000\040\000s\036\361\000\040\000k\000i\036\307\000n\000\040\000v\000\340\000\040\000C\000D\000C\000\040\000\050\000C\000h\000a\000n\000g\000e\000\040\000D\000a\000t\000a\000\040\000C\000a\000p\000t\000u\000r\000e\000\051}{section.1.5}% 17
\BOOKMARK [2][-]{subsection.1.5.6}{\376\377\000B\036\331\000\040\000n\000h\036\333\000\040\001\021\036\307\000m\000\040\000v\000\340\000\040\000T\000r\000\354\000n\000h\000\040\000c\000u\000n\000g\000\040\000c\036\245\000p\000\040\000A\000I}{section.1.5}% 18
\BOOKMARK [0][-]{chapter.2}{\376\377\000P\000h\000\342\000n\000\040\000t\000\355\000c\000h\000\040\000v\000\340\000\040\000T\000h\000i\036\277\000t\000\040\000k\036\277\000\040\000h\036\307\000\040\000t\000h\036\321\000n\000g}{}% 19
\BOOKMARK [1][-]{section.2.1}{\376\377\000K\000i\036\277\000n\000\040\000t\000r\000\372\000c\000\040\000t\036\325\000n\000g\000\040\000q\000u\000a\000n\000\040\000h\036\307\000\040\000t\000h\036\321\000n\000g}{chapter.2}% 20
\BOOKMARK [1][-]{section.2.2}{\376\377\000B\000i\036\303\000u\000\040\001\021\036\323\000\040\000U\000s\000e\000\040\000C\000a\000s\000e}{chapter.2}% 21
\BOOKMARK [2][-]{subsection.2.2.1}{\376\377\000B\000i\036\303\000u\000\040\001\021\036\323\000\040\000U\000s\000e\000\040\000C\000a\000s\000e\000\040\000t\036\325\000n\000g\000\040\000q\000u\000a\000n\000\040\000h\036\307\000\040\000t\000h\036\321\000n\000g\000\040\000\050\000M\036\351\000c\000\040\000n\000h\000\363\000m\000\051}{section.2.2}% 22
\BOOKMARK [2][-]{subsection.2.2.2}{\376\377\000B\000i\036\303\000u\000\040\001\021\036\323\000\040\000U\000s\000e\000\040\000C\000a\000s\000e\000\040\000c\000h\000i\000\040\000t\000i\036\277\000t\000\040\000-\000\040\000L\000u\036\323\000n\000g\000\040\000x\036\355\000\040\000l\000\375\000\040\000A\000I\000\040\000P\000o\000d\000c\000a\000s\000t\000\040\000\050\000M\036\351\000c\000\040\000c\000\341\000\040\000n\000h\000\342\000n\000\040\000-\000\040\000P\000h\000a\000n\000\040\000T\000h\000a\000n\000h\000\040\000T\000\371\000n\000g\000\051}{section.2.2}% 23
\BOOKMARK [1][-]{section.2.3}{\376\377\000T\000h\000i\036\277\000t\000\040\000k\036\277\000\040\000s\001\241\000\040\001\021\036\323\000\040\000t\000h\036\361\000c\000\040\000t\000h\036\303\000\040\000q\000u\000a\000n\000\040\000h\036\307\000\040\000\050\000E\000R\000D\000\051\000\040\000c\000h\000i\000\040\000t\000i\036\277\000t}{chapter.2}% 24
\BOOKMARK [2][-]{subsection.2.3.1}{\376\377\000C\036\245\000u\000\040\000t\000r\000\372\000c\000\040\000b\036\243\000n\000g\000\040\000c\036\347\000a\000\040\000D\036\313\000c\000h\000\040\000v\036\345\000\040\001\021\036\313\000n\000h\000\040\000d\000a\000n\000h\000\040\000\050\000i\000d\000e\000n\000t\000i\000t\000y\000-\000s\000e\000r\000v\000i\000c\000e\000\051}{section.2.3}% 25
\BOOKMARK [2][-]{subsection.2.3.2}{\376\377\000C\036\245\000u\000\040\000t\000r\000\372\000c\000\040\000b\036\243\000n\000g\000\040\000c\036\347\000a\000\040\000D\036\313\000c\000h\000\040\000v\036\345\000\040\000n\036\331\000i\000\040\000d\000u\000n\000g\000\040\000\050\000c\000o\000n\000t\000e\000n\000t\000-\000s\000e\000r\000v\000i\000c\000e\000\051}{section.2.3}% 26
\BOOKMARK [2][-]{subsection.2.3.3}{\376\377\000C\036\245\000u\000\040\000t\000r\000\372\000c\000\040\000b\036\243\000n\000g\000\040\000c\036\347\000a\000\040\000D\036\313\000c\000h\000\040\000v\036\345\000\040\000T\000i\000n\000\040\000t\036\351\000c\000\040\000\050\000a\000r\000t\000i\000c\000l\000e\000-\000s\000e\000r\000v\000i\000c\000e\000\051}{section.2.3}% 27
\BOOKMARK [1][-]{section.2.4}{\376\377\000C\000h\000i\000\040\000t\000i\036\277\000t\000\040\000B\036\243\000n\000g\000\040\000m\000\364\000\040\000t\036\243\000\040\000c\001\241\000\040\000s\036\337\000\040\000d\036\357\000\040\000l\000i\036\307\000u\000\040\000v\036\255\000t\000\040\000l\000\375}{chapter.2}% 28
\BOOKMARK [2][-]{subsection.2.4.1}{\376\377\000B\036\243\000n\000g\000\040\000u\000s\000e\000r\000s\000\040\000\050\000i\000d\000e\000n\000t\000i\000t\000y\000\137\000s\000e\000r\000v\000i\000c\000e\000\051}{section.2.4}% 29
\BOOKMARK [2][-]{subsection.2.4.2}{\376\377\000B\036\243\000n\000g\000\040\000s\000h\000o\000w\000s\000\040\000\050\000c\000o\000n\000t\000e\000n\000t\000\137\000s\000e\000r\000v\000i\000c\000e\000\051}{section.2.4}% 30
\BOOKMARK [2][-]{subsection.2.4.3}{\376\377\000B\036\243\000n\000g\000\040\000e\000p\000i\000s\000o\000d\000e\000s\000\040\000\050\000c\000o\000n\000t\000e\000n\000t\000\137\000s\000e\000r\000v\000i\000c\000e\000\051}{section.2.4}% 31
\BOOKMARK [1][-]{section.2.5}{\376\377\000C\001\241\000\040\000c\000h\036\277\000\040\000x\000\341\000c\000\040\000t\000h\036\361\000c\000\040\000p\000h\000\342\000n\000\040\000t\000\341\000n\000\040\000b\036\261\000n\000g\000\040\000J\000W\000T\000\040\000M\000i\000d\000d\000l\000e\000w\000a\000r\000e}{chapter.2}% 32
\BOOKMARK [1][-]{section.2.6}{\376\377\000M\000\364\000\040\000h\000\354\000n\000h\000\040\000x\036\355\000\040\000l\000\375\000\040\000v\000\340\000\040\000p\000h\000\341\000t\000\040\000s\000i\000n\000h\000\040\000k\036\313\000c\000h\000\040\000b\036\243\000n\000\040\000S\000t\000u\000b\000\040\000F\000a\000l\000l\000b\000a\000c\000k}{chapter.2}% 33
\BOOKMARK [1][-]{section.2.7}{\376\377\000P\000h\000\342\000n\000\040\000t\000\355\000c\000h\000\040\000c\001\241\000\040\000c\000h\036\277\000\040\000O\000u\000t\000b\000o\000x\000\040\000P\000a\000t\000t\000e\000r\000n\000\040\000v\000\340\000\040\000C\000D\000C\000\040\000D\000e\000b\000e\000z\000i\000u\000m}{chapter.2}% 34
\BOOKMARK [2][-]{subsection.2.7.1}{\376\377\000C\001\241\000\040\000c\000h\036\277\000\040\000h\000o\036\241\000t\000\040\001\021\036\331\000n\000g\000\040\000c\036\347\000a\000\040\000O\000u\000t\000b\000o\000x\000\040\000P\000a\000t\000t\000e\000r\000n}{section.2.7}% 35
\BOOKMARK [2][-]{subsection.2.7.2}{\376\377\000C\001\241\000\040\000c\000h\036\277\000\040\000C\000h\000a\000n\000g\000e\000\040\000D\000a\000t\000a\000\040\000C\000a\000p\000t\000u\000r\000e\000\040\000\050\000C\000D\000C\000\051\000\040\000v\036\333\000i\000\040\000D\000e\000b\000e\000z\000i\000u\000m}{section.2.7}% 36
\BOOKMARK [1][-]{section.2.8}{\376\377\000B\000i\036\303\000u\000\040\001\021\036\323\000\040\000l\036\333\000p\000\040\000\050\000C\000l\000a\000s\000s\000\040\000D\000i\000a\000g\000r\000a\000m\000\051}{chapter.2}% 37
\BOOKMARK [1][-]{section.2.9}{\376\377\000B\000i\036\303\000u\000\040\001\021\036\323\000\040\000t\000u\036\247\000n\000\040\000t\036\361\000\040\000\050\000S\000e\000q\000u\000e\000n\000c\000e\000\040\000D\000i\000a\000g\000r\000a\000m\000\051}{chapter.2}% 38
\BOOKMARK [1][-]{section.2.10}{\376\377\000T\000h\000i\036\277\000t\000\040\000k\036\277\000\040\000g\000i\000a\000o\000\040\000d\000i\036\307\000n\000\040\001\021\000\341\000p\000\040\036\351\000n\000g\000\040\000c\000h\036\351\000c\000\040\000n\001\003\000n\000g}{chapter.2}% 39
\BOOKMARK [2][-]{subsection.2.10.1}{\376\377\000M\000\340\000n\000\040\000h\000\354\000n\000h\000\040\000t\000r\000a\000n\000g\000\040\000c\000h\036\347\000\040\000\050\000H\000o\000m\000e\000\040\000S\000c\000r\000e\000e\000n\000\051}{section.2.10}% 40
\BOOKMARK [2][-]{subsection.2.10.2}{\376\377\000M\000\340\000n\000\040\000h\000\354\000n\000h\000\040\000t\000r\000\354\000n\000h\000\040\000p\000h\000\341\000t\000\040\000\342\000m\000\040\000t\000h\000a\000n\000h\000\040\001\021\036\323\000n\000g\000\040\000b\036\331\000\040\000\050\000P\000l\000a\000y\000e\000r\000\040\000S\000c\000r\000e\000e\000n\000\051}{section.2.10}% 41
\BOOKMARK [0][-]{chapter.3}{\376\377\000K\036\277\000t\000\040\000q\000u\036\243\000\040\000t\000r\000i\036\303\000n\000\040\000k\000h\000a\000i\000\040\000v\000\340\000\040\000T\000h\036\355\000\040\000n\000g\000h\000i\036\307\000m}{}% 42
\BOOKMARK [1][-]{section.3.1}{\376\377\000M\000\364\000\040\000h\000\354\000n\000h\000\040\000t\000r\000i\036\303\000n\000\040\000k\000h\000a\000i\000\040\000h\036\307\000\040\000t\000h\036\321\000n\000g}{chapter.3}% 43
\BOOKMARK [2][-]{subsection.3.1.1}{\376\377\000C\036\245\000u\000\040\000h\000\354\000n\000h\000\040\000t\036\307\000p\000\040\000t\000i\000n\000\040\000D\000o\000c\000k\000e\000r\000\040\000C\000o\000m\000p\000o\000s\000e\000\040\000\050\000d\000o\000c\000k\000e\000r\000-\000c\000o\000m\000p\000o\000s\000e\000.\000y\000m\000l\000\051}{section.3.1}% 44
\BOOKMARK [1][-]{section.3.2}{\376\377\000C\000\341\000c\000\040\000b\001\260\036\333\000c\000\040\000c\000\340\000i\000\040\001\021\036\267\000t\000\040\000v\000\340\000\040\000t\000r\000i\036\303\000n\000\040\000k\000h\000a\000i}{chapter.3}% 45
\BOOKMARK [1][-]{section.3.3}{\376\377\000K\036\277\000t\000\040\000q\000u\036\243\000\040\000c\000\341\000c\000\040\000t\000\355\000n\000h\000\040\000n\001\003\000n\000g\000\040\000c\000h\000\355\000n\000h\000\040\000t\000r\000\352\000n\000\040\000g\000i\000a\000o\000\040\000d\000i\036\307\000n}{chapter.3}% 46
\BOOKMARK [1][-]{section.3.4}{\376\377\000K\036\277\000t\000\040\000q\000u\036\243\000\040\000t\000h\036\355\000\040\000n\000g\000h\000i\036\307\000m\000\040\000v\000\340\000\040\000k\000i\036\303\000m\000\040\000t\000h\036\355\000\040\000t\036\361\000\040\001\021\036\331\000n\000g}{chapter.3}% 47
\BOOKMARK [2][-]{subsection.3.4.1}{\376\377\000S\036\321\000\040\000l\000i\036\307\000u\000\040\000t\000h\036\321\000n\000g\000\040\000k\000\352\000\040\000v\036\255\000n\000\040\000h\000\340\000n\000h\000\040\000h\036\307\000\040\000t\000h\036\321\000n\000g\000\040\000t\000r\000o\000n\000g\000\040\000g\000i\000a\000i\000\040\001\021\000o\036\241\000n\000\040\000k\000i\036\303\000m\000\040\000t\000h\036\355}{section.3.4}% 48
\BOOKMARK [1][-]{section.3.5}{\376\377\000K\036\277\000t\000\040\000l\000u\036\255\000n\000,\000\040\000h\036\241\000n\000\040\000c\000h\036\277\000\040\000v\000\340\000\040\001\021\036\313\000n\000h\000\040\000h\001\260\036\333\000n\000g\000\040\000n\000\342\000n\000g\000\040\000c\036\245\000p}{chapter.3}% 49
\BOOKMARK [2][-]{subsection.3.5.1}{\376\377\000K\036\277\000t\000\040\000l\000u\036\255\000n}{section.3.5}% 50
\BOOKMARK [2][-]{subsection.3.5.2}{\376\377\000H\036\241\000n\000\040\000c\000h\036\277}{section.3.5}% 51
\BOOKMARK [2][-]{subsection.3.5.3}{\376\377\001\020\036\313\000n\000h\000\040\000h\001\260\036\333\000n\000g\000\040\000n\000\342\000n\000g\000\040\000c\036\245\000p}{section.3.5}% 52
\BOOKMARK [0][-]{chapter*.6}{\376\377\000T\000\340\000i\000\040\000l\000i\036\307\000u\000\040\000t\000h\000a\000m\000\040\000k\000h\036\243\000o}{}% 53
